[grayshift.io/themes/swipe/index.html]
[backblue.gif]
[fade.gif]
[index.html]
[grayshift.io/themes/swipe/dist/css/lib/bootstrap.min.css]
[grayshift.io/themes/swipe/dist/css/swipe.min.css]
[grayshift.io/themes/swipe/dist/img/favicon.png]
[grayshift.io/themes/swipe/dist/img/avatars/avatar-male-1.jpg]
[grayshift.io/themes/swipe/dist/img/avatars/avatar-male-2.jpg]
[grayshift.io/themes/swipe/dist/img/avatars/avatar-male-3.jpg]
[grayshift.io/themes/swipe/dist/img/avatars/avatar-male-4.jpg]
[grayshift.io/themes/swipe/dist/img/avatars/avatar-male-5.jpg]
[grayshift.io/themes/swipe/dist/img/avatars/avatar-group-1.jpg]
[grayshift.io/themes/swipe/dist/img/avatars/avatar-group-2.jpg]
[grayshift.io/themes/swipe/dist/img/avatars/avatar-group-3.jpg]
[grayshift.io/themes/swipe/dist/img/avatars/avatar-group-4.jpg]
[grayshift.io/themes/swipe/dist/img/avatars/avatar-group-5.jpg]
[grayshift.io/themes/swipe/dist/img/avatars/avatar-male-6.jpg]
[grayshift.io/themes/swipe/dist/img/avatars/avatar-female-1.jpg]
[grayshift.io/themes/swipe/dist/img/avatars/avatar-female-2.jpg]
[grayshift.io/themes/swipe/dist/img/avatars/avatar-female-3.jpg]
[grayshift.io/themes/swipe/dist/js/vendor/jquery-slim.min.js]
[grayshift.io/themes/swipe/dist/js/vendor/popper.min.js]
[grayshift.io/themes/swipe/dist/js/vendor/feather.min.js]
[grayshift.io/themes/swipe/dist/js/vendor/eva.min.js]
[grayshift.io/themes/swipe/dist/js/vendor/bootstrap.min.js]
[grayshift.io/themes/swipe/dist/js/swipe.min.js]
[grayshift.io/themes/swipe/index.html]
[grayshift.io/themes/swipe/dist/css/lib/bootstrap.min.css]
[grayshift.io/themes/swipe/dist/fonts/inter-ui/Inter-UI-Regularf3ee.woff2]
[grayshift.io/themes/swipe/dist/fonts/inter-ui/Inter-UI-Regularf3ee.woff]
[grayshift.io/themes/swipe/dist/fonts/inter-ui/Inter-UI-Mediumf3ee.woff2]
[grayshift.io/themes/swipe/dist/fonts/inter-ui/Inter-UI-Mediumf3ee.woff]
[grayshift.io/themes/swipe/dist/fonts/inter-ui/Inter-UI-SemiBoldf3ee.woff2]
[grayshift.io/themes/swipe/dist/fonts/inter-ui/Inter-UI-SemiBoldf3ee.woff]
[grayshift.io/themes/swipe/dist/fonts/inter-ui/Inter-UI-Boldf3ee.woff2]
[grayshift.io/themes/swipe/dist/fonts/inter-ui/Inter-UI-Boldf3ee.woff]
[grayshift.io/themes/swipe/dist/fonts/inter-ui/Inter-UI-ExtraBoldf3ee.woff2]
[grayshift.io/themes/swipe/dist/fonts/inter-ui/Inter-UI-ExtraBoldf3ee.woff]
[grayshift.io/themes/swipe/dist/img/clear.svg]
[grayshift.io/themes/swipe/dist/css/swipe.min.css]
[grayshift.io/themes/swipe/dist/img/clear.svg]
